2026-06-25 15:11:07,648 INFO Documents considered: 0
2026-06-25 15:11:07,648 INFO Recency cutoff: 2026-05-01
2026-06-25 15:11:07,648 INFO Allow undated: False
2026-06-25 15:11:07,648 INFO Allow low date confidence: False
2026-06-25 15:11:07,648 INFO Allow end-date recency: False
2026-06-25 15:11:07,648 INFO Dry run: 0 items would be written
2026-06-25 15:11:07,648 INFO Total links found: 0
2026-06-25 15:11:07,648 INFO Candidate links found: 0
2026-06-25 15:11:07,648 INFO Detail pages fetched: 0
2026-06-25 15:11:07,648 INFO Recent items created: 0
2026-06-25 15:11:07,648 INFO Saved recent developments: 0
2026-06-25 15:11:07,648 INFO Rejected old items: 0
2026-06-25 15:11:07,648 INFO Rejected undated items: 0
2026-06-25 15:11:07,648 INFO Rejected low-confidence dates: 0
2026-06-25 15:11:07,648 INFO Rejected non-developments: 0
2026-06-25 15:11:07,648 INFO Saved by publication_date: 0
2026-06-25 15:11:07,648 INFO Saved by announcement_date: 0
2026-06-25 15:11:07,648 INFO Saved by campaign_start_date: 0
2026-06-25 15:11:07,648 INFO Rejected because only campaign_end_date existed: 0
2026-06-25 15:11:07,648 INFO passed_by_publication_date_count: 0
2026-06-25 15:11:07,648 INFO passed_by_announcement_date_count: 0
2026-06-25 15:11:07,648 INFO passed_by_campaign_start_date_count: 0
2026-06-25 15:11:07,648 INFO passed_by_end_date_manual_override_count: 0
2026-06-25 15:11:07,648 INFO rejected_only_campaign_end_date_count: 0
2026-06-25 15:11:07,648 INFO Active old campaigns detected: 0
2026-06-25 15:11:07,648 INFO Poor items skipped: 0
2026-06-25 15:11:07,648 INFO Duplicates skipped: 0
2026-06-25 15:11:07,648 INFO Errors: 0
