
CANDIDATE REPORT
source_id: REG-118
source_name: Alternatif Bank Basın Bültenleri ve Duyurular
source_url: https://www.alternatifbank.com.tr/hakkimizda/basin-odasi/basin-bultenleri-ve-duyurular
total links found: 130
candidate links found: 14
- score=8 | title=Basin Bultenleri Ve Duyurular | url=https://www.alternatifbank.com.tr/hakkimizda/basin-odasi/basin-bultenleri-ve-duyurular?page=2 | reason=title_length,positive_keyword,detail_path
- score=6 | title=İletişime Geç | url=https://www.alternatifbank.com.tr/hakkimizda/basin-odasi/basin-bultenleri-ve-duyurular | reason=positive_keyword,detail_path
- score=6 | title=Basın Odası | url=https://www.alternatifbank.com.tr/hakkimizda/basin-odasi | reason=positive_keyword,detail_path
- score=6 | title=Detaylı Bilgi Al | url=https://www.alternatifbank.com.tr/hakkimizda/basin-odasi/basin-bultenleri-ve-duyurular/alternatifbank-yeni-musterilere-ozel-2-49-kredi | reason=positive_keyword,detail_path
- score=6 | title=Detaylı Bilgi Al | url=https://www.alternatifbank.com.tr/hakkimizda/basin-odasi/basin-bultenleri-ve-duyurular/alternatifbank-ilk-ceyrekte-139-milyar-tl-aktif-buyukluge-ulasti | reason=positive_keyword,detail_path
- score=6 | title=Detaylı Bilgi Al | url=https://www.alternatifbank.com.tr/hakkimizda/basin-odasi/basin-bultenleri-ve-duyurular/alternatif-bank-musteri-deneyiminin-gelecegini-farkli-sektorlerden-liderlerle-ele-aldi | reason=positive_keyword,detail_path
- score=6 | title=Detaylı Bilgi Al | url=https://www.alternatifbank.com.tr/hakkimizda/basin-odasi/basin-bultenleri-ve-duyurular/alternatif-bank-birlikte-daha-esit | reason=positive_keyword,detail_path
- score=6 | title=Detaylı Bilgi Al | url=https://www.alternatifbank.com.tr/hakkimizda/basin-odasi/basin-bultenleri-ve-duyurular/alternatif-bank-kurumsal-ve-ticari-bankacilikta-2025-yilini-guclu-buyumeyle-tamamladi | reason=positive_keyword,detail_path
- score=6 | title=Detaylı Bilgi Al | url=https://www.alternatifbank.com.tr/hakkimizda/basin-odasi/basin-bultenleri-ve-duyurular/alternatif-bank-dis-ticaret-finansmaninda-asya-kalkinma-bankasiyla-onemli-is-birligi | reason=positive_keyword,detail_path
- score=6 | title=Detaylı Bilgi Al | url=https://www.alternatifbank.com.tr/hakkimizda/basin-odasi/basin-bultenleri-ve-duyurular/alternatif-bank-2025-yil-sonunda-127-milyar-tlyi-asan-aktif-buyukluge-ulasti | reason=positive_keyword,detail_path
- score=6 | title=Detaylı Bilgi Al | url=https://www.alternatifbank.com.tr/hakkimizda/basin-odasi/basin-bultenleri-ve-duyurular/alternatif-bank-200-milyon-dolarlik-eurobond-ihraci | reason=positive_keyword,detail_path
- score=6 | title=Detaylı Bilgi Al | url=https://www.alternatifbank.com.tr/hakkimizda/basin-odasi/basin-bultenleri-ve-duyurular/alternatif-bank-masrafsiz-bankacilik-deneyimi | reason=positive_keyword,detail_path
- score=4 | title=POS ve Üye İşyeri Hizmetleri İşletmenizin İhtiyacına Yönelik Hizmetlerimiz Hakkında Bilgi Alın! | url=https://www.alternatifbank.com.tr/kurumsal/nakit-yonetimi/pos-ve-uye-isyeri-hizmetleri | reason=title_length,positive_keyword
- score=4 | title=Ödeme Çözümleri Alternatif Bank’la kurumsal ödemelerinizi güvenle yapın! | url=https://www.alternatifbank.com.tr/kurumsal/nakit-yonetimi/odeme-cozumleri | reason=title_length,positive_keyword

CANDIDATE REPORT
source_id: REG-079
source_name: Alternatif Bank Kampanyalar
source_url: https://www.alternatifbank.com.tr/kampanyalar
total links found: 117
candidate links found: 2
- score=4 | title=POS ve Üye İşyeri Hizmetleri İşletmenizin İhtiyacına Yönelik Hizmetlerimiz Hakkında Bilgi Alın! | url=https://www.alternatifbank.com.tr/kurumsal/nakit-yonetimi/pos-ve-uye-isyeri-hizmetleri | reason=title_length,positive_keyword
- score=4 | title=Ödeme Çözümleri Alternatif Bank’la kurumsal ödemelerinizi güvenle yapın! | url=https://www.alternatifbank.com.tr/kurumsal/nakit-yonetimi/odeme-cozumleri | reason=title_length,positive_keyword

CANDIDATE REPORT
source_id: REG-078
source_name: Alternatif Bank Basın Odası
source_url: https://www.alternatifbank.com.tr/hakkimizda/basin-odasi
total links found: 125
candidate links found: 7
- score=8 | title=Basin Bultenleri Ve Duyurular | url=https://www.alternatifbank.com.tr/hakkimizda/basin-odasi/basin-bultenleri-ve-duyurular | reason=title_length,positive_keyword,detail_path
- score=6 | title=İletişime Geç | url=https://www.alternatifbank.com.tr/hakkimizda/basin-odasi | reason=positive_keyword,detail_path
- score=6 | title=Reklam Filmleri | url=https://www.alternatifbank.com.tr/hakkimizda/basin-odasi/reklam-filmleri | reason=positive_keyword,detail_path
- score=6 | title=Gorsel Galeri | url=https://www.alternatifbank.com.tr/hakkimizda/basin-odasi/gorsel-galeri | reason=positive_keyword,detail_path
- score=6 | title=Ekonomik Bulten | url=https://www.alternatifbank.com.tr/hakkimizda/basin-odasi/ekonomik-bulten | reason=positive_keyword,detail_path
- score=4 | title=POS ve Üye İşyeri Hizmetleri İşletmenizin İhtiyacına Yönelik Hizmetlerimiz Hakkında Bilgi Alın! | url=https://www.alternatifbank.com.tr/kurumsal/nakit-yonetimi/pos-ve-uye-isyeri-hizmetleri | reason=title_length,positive_keyword
- score=4 | title=Ödeme Çözümleri Alternatif Bank’la kurumsal ödemelerinizi güvenle yapın! | url=https://www.alternatifbank.com.tr/kurumsal/nakit-yonetimi/odeme-cozumleri | reason=title_length,positive_keyword
2026-06-25 15:08:09,522 INFO Documents considered: 3
2026-06-25 15:08:09,522 INFO Recency cutoff: 2026-05-01
2026-06-25 15:08:09,522 INFO Allow undated: False
2026-06-25 15:08:09,522 INFO Allow low date confidence: False
2026-06-25 15:08:09,522 INFO Allow end-date recency: False
2026-06-25 15:08:09,535 INFO Rejected candidate | Tarih yok; varsayılan kapıdan geçmedi | Basin Bultenleri Ve Duyurular | https://www.alternatifbank.com.tr/hakkimizda/basin-odasi/basin-bultenleri-ve-duyurular?page=2
2026-06-25 15:08:09,535 INFO Poor item skipped | title_too_short | İletişime Geç | https://www.alternatifbank.com.tr/hakkimizda/basin-odasi/basin-bultenleri-ve-duyurular
2026-06-25 15:08:09,535 INFO Rejected candidate | title_too_short | İletişime Geç | https://www.alternatifbank.com.tr/hakkimizda/basin-odasi/basin-bultenleri-ve-duyurular
2026-06-25 15:08:09,535 INFO Poor item skipped | title_too_short | Basın Odası | https://www.alternatifbank.com.tr/hakkimizda/basin-odasi
2026-06-25 15:08:09,535 INFO Rejected candidate | title_too_short | Basın Odası | https://www.alternatifbank.com.tr/hakkimizda/basin-odasi
2026-06-25 15:08:09,535 INFO Poor item skipped | title_too_short | Detaylı Bilgi Al | https://www.alternatifbank.com.tr/hakkimizda/basin-odasi/basin-bultenleri-ve-duyurular/alternatifbank-yeni-musterilere-ozel-2-49-kredi
2026-06-25 15:08:09,535 INFO Rejected candidate | title_too_short | Detaylı Bilgi Al | https://www.alternatifbank.com.tr/hakkimizda/basin-odasi/basin-bultenleri-ve-duyurular/alternatifbank-yeni-musterilere-ozel-2-49-kredi
2026-06-25 15:08:09,536 INFO Poor item skipped | title_too_short | Detaylı Bilgi Al | https://www.alternatifbank.com.tr/hakkimizda/basin-odasi/basin-bultenleri-ve-duyurular/alternatifbank-ilk-ceyrekte-139-milyar-tl-aktif-buyukluge-ulasti
2026-06-25 15:08:09,536 INFO Rejected candidate | title_too_short | Detaylı Bilgi Al | https://www.alternatifbank.com.tr/hakkimizda/basin-odasi/basin-bultenleri-ve-duyurular/alternatifbank-ilk-ceyrekte-139-milyar-tl-aktif-buyukluge-ulasti
2026-06-25 15:08:09,536 INFO Poor item skipped | title_too_short | Detaylı Bilgi Al | https://www.alternatifbank.com.tr/hakkimizda/basin-odasi/basin-bultenleri-ve-duyurular/alternatif-bank-musteri-deneyiminin-gelecegini-farkli-sektorlerden-liderlerle-ele-aldi
2026-06-25 15:08:09,536 INFO Rejected candidate | title_too_short | Detaylı Bilgi Al | https://www.alternatifbank.com.tr/hakkimizda/basin-odasi/basin-bultenleri-ve-duyurular/alternatif-bank-musteri-deneyiminin-gelecegini-farkli-sektorlerden-liderlerle-ele-aldi
2026-06-25 15:08:09,536 INFO Poor item skipped | title_too_short | Detaylı Bilgi Al | https://www.alternatifbank.com.tr/hakkimizda/basin-odasi/basin-bultenleri-ve-duyurular/alternatif-bank-birlikte-daha-esit
2026-06-25 15:08:09,536 INFO Rejected candidate | title_too_short | Detaylı Bilgi Al | https://www.alternatifbank.com.tr/hakkimizda/basin-odasi/basin-bultenleri-ve-duyurular/alternatif-bank-birlikte-daha-esit
2026-06-25 15:08:09,537 INFO Poor item skipped | title_too_short | Detaylı Bilgi Al | https://www.alternatifbank.com.tr/hakkimizda/basin-odasi/basin-bultenleri-ve-duyurular/alternatif-bank-kurumsal-ve-ticari-bankacilikta-2025-yilini-guclu-buyumeyle-tamamladi
2026-06-25 15:08:09,537 INFO Rejected candidate | title_too_short | Detaylı Bilgi Al | https://www.alternatifbank.com.tr/hakkimizda/basin-odasi/basin-bultenleri-ve-duyurular/alternatif-bank-kurumsal-ve-ticari-bankacilikta-2025-yilini-guclu-buyumeyle-tamamladi
2026-06-25 15:08:09,537 INFO Poor item skipped | title_too_short | Detaylı Bilgi Al | https://www.alternatifbank.com.tr/hakkimizda/basin-odasi/basin-bultenleri-ve-duyurular/alternatif-bank-dis-ticaret-finansmaninda-asya-kalkinma-bankasiyla-onemli-is-birligi
2026-06-25 15:08:09,537 INFO Rejected candidate | title_too_short | Detaylı Bilgi Al | https://www.alternatifbank.com.tr/hakkimizda/basin-odasi/basin-bultenleri-ve-duyurular/alternatif-bank-dis-ticaret-finansmaninda-asya-kalkinma-bankasiyla-onemli-is-birligi
2026-06-25 15:08:09,537 INFO Poor item skipped | title_too_short | Detaylı Bilgi Al | https://www.alternatifbank.com.tr/hakkimizda/basin-odasi/basin-bultenleri-ve-duyurular/alternatif-bank-2025-yil-sonunda-127-milyar-tlyi-asan-aktif-buyukluge-ulasti
2026-06-25 15:08:09,537 INFO Rejected candidate | title_too_short | Detaylı Bilgi Al | https://www.alternatifbank.com.tr/hakkimizda/basin-odasi/basin-bultenleri-ve-duyurular/alternatif-bank-2025-yil-sonunda-127-milyar-tlyi-asan-aktif-buyukluge-ulasti
2026-06-25 15:08:09,538 INFO Poor item skipped | title_too_short | Detaylı Bilgi Al | https://www.alternatifbank.com.tr/hakkimizda/basin-odasi/basin-bultenleri-ve-duyurular/alternatif-bank-200-milyon-dolarlik-eurobond-ihraci
2026-06-25 15:08:09,538 INFO Rejected candidate | title_too_short | Detaylı Bilgi Al | https://www.alternatifbank.com.tr/hakkimizda/basin-odasi/basin-bultenleri-ve-duyurular/alternatif-bank-200-milyon-dolarlik-eurobond-ihraci
2026-06-25 15:08:09,538 INFO Poor item skipped | title_too_short | Detaylı Bilgi Al | https://www.alternatifbank.com.tr/hakkimizda/basin-odasi/basin-bultenleri-ve-duyurular/alternatif-bank-masrafsiz-bankacilik-deneyimi
2026-06-25 15:08:09,538 INFO Rejected candidate | title_too_short | Detaylı Bilgi Al | https://www.alternatifbank.com.tr/hakkimizda/basin-odasi/basin-bultenleri-ve-duyurular/alternatif-bank-masrafsiz-bankacilik-deneyimi
2026-06-25 15:08:09,538 INFO Rejected candidate | Tarih yok; varsayılan kapıdan geçmedi | POS ve Üye İşyeri Hizmetleri İşletmenizin İhtiyacına Yönelik Hizmetlerimiz Hakkında Bilgi Alın! | https://www.alternatifbank.com.tr/kurumsal/nakit-yonetimi/pos-ve-uye-isyeri-hizmetleri
2026-06-25 15:08:09,538 INFO Rejected candidate | Tarih yok; varsayılan kapıdan geçmedi | Ödeme Çözümleri Alternatif Bank’la kurumsal ödemelerinizi güvenle yapın! | https://www.alternatifbank.com.tr/kurumsal/nakit-yonetimi/odeme-cozumleri
2026-06-25 15:08:09,548 INFO Rejected candidate | Tarih yok; varsayılan kapıdan geçmedi | POS ve Üye İşyeri Hizmetleri İşletmenizin İhtiyacına Yönelik Hizmetlerimiz Hakkında Bilgi Alın! | https://www.alternatifbank.com.tr/kurumsal/nakit-yonetimi/pos-ve-uye-isyeri-hizmetleri
2026-06-25 15:08:09,549 INFO Rejected candidate | Tarih yok; varsayılan kapıdan geçmedi | Ödeme Çözümleri Alternatif Bank’la kurumsal ödemelerinizi güvenle yapın! | https://www.alternatifbank.com.tr/kurumsal/nakit-yonetimi/odeme-cozumleri
2026-06-25 15:08:09,559 INFO Rejected candidate | Tarih yok; varsayılan kapıdan geçmedi | Basin Bultenleri Ve Duyurular | https://www.alternatifbank.com.tr/hakkimizda/basin-odasi/basin-bultenleri-ve-duyurular
2026-06-25 15:08:09,559 INFO Poor item skipped | title_too_short | İletişime Geç | https://www.alternatifbank.com.tr/hakkimizda/basin-odasi
2026-06-25 15:08:09,559 INFO Rejected candidate | title_too_short | İletişime Geç | https://www.alternatifbank.com.tr/hakkimizda/basin-odasi
2026-06-25 15:08:09,559 INFO Poor item skipped | title_too_short | Reklam Filmleri | https://www.alternatifbank.com.tr/hakkimizda/basin-odasi/reklam-filmleri
2026-06-25 15:08:09,559 INFO Rejected candidate | title_too_short | Reklam Filmleri | https://www.alternatifbank.com.tr/hakkimizda/basin-odasi/reklam-filmleri
2026-06-25 15:08:09,559 INFO Poor item skipped | title_too_short | Gorsel Galeri | https://www.alternatifbank.com.tr/hakkimizda/basin-odasi/gorsel-galeri
2026-06-25 15:08:09,559 INFO Rejected candidate | title_too_short | Gorsel Galeri | https://www.alternatifbank.com.tr/hakkimizda/basin-odasi/gorsel-galeri
2026-06-25 15:08:09,560 INFO Poor item skipped | title_too_short | Ekonomik Bulten | https://www.alternatifbank.com.tr/hakkimizda/basin-odasi/ekonomik-bulten
2026-06-25 15:08:09,560 INFO Rejected candidate | title_too_short | Ekonomik Bulten | https://www.alternatifbank.com.tr/hakkimizda/basin-odasi/ekonomik-bulten
2026-06-25 15:08:09,560 INFO Rejected candidate | Tarih yok; varsayılan kapıdan geçmedi | POS ve Üye İşyeri Hizmetleri İşletmenizin İhtiyacına Yönelik Hizmetlerimiz Hakkında Bilgi Alın! | https://www.alternatifbank.com.tr/kurumsal/nakit-yonetimi/pos-ve-uye-isyeri-hizmetleri
2026-06-25 15:08:09,560 INFO Rejected candidate | Tarih yok; varsayılan kapıdan geçmedi | Ödeme Çözümleri Alternatif Bank’la kurumsal ödemelerinizi güvenle yapın! | https://www.alternatifbank.com.tr/kurumsal/nakit-yonetimi/odeme-cozumleri
2026-06-25 15:08:09,560 INFO Dry run: 0 items would be written
2026-06-25 15:08:09,569 INFO Total links found: 372
2026-06-25 15:08:09,569 INFO Candidate links found: 23
2026-06-25 15:08:09,569 INFO Detail pages fetched: 0
2026-06-25 15:08:09,569 INFO Recent items created: 0
2026-06-25 15:08:09,569 INFO Saved recent developments: 0
2026-06-25 15:08:09,569 INFO Rejected old items: 0
2026-06-25 15:08:09,569 INFO Rejected undated items: 23
2026-06-25 15:08:09,569 INFO Rejected low-confidence dates: 0
2026-06-25 15:08:09,569 INFO Rejected non-developments: 0
2026-06-25 15:08:09,569 INFO Saved by publication_date: 0
2026-06-25 15:08:09,569 INFO Saved by announcement_date: 0
2026-06-25 15:08:09,569 INFO Saved by campaign_start_date: 0
2026-06-25 15:08:09,569 INFO Rejected because only campaign_end_date existed: 0
2026-06-25 15:08:09,569 INFO passed_by_publication_date_count: 0
2026-06-25 15:08:09,570 INFO passed_by_announcement_date_count: 0
2026-06-25 15:08:09,570 INFO passed_by_campaign_start_date_count: 0
2026-06-25 15:08:09,570 INFO passed_by_end_date_manual_override_count: 0
2026-06-25 15:08:09,570 INFO rejected_only_campaign_end_date_count: 0
2026-06-25 15:08:09,570 INFO Active old campaigns detected: 0
2026-06-25 15:08:09,570 INFO Poor items skipped: 15
2026-06-25 15:08:09,570 INFO Duplicates skipped: 0
2026-06-25 15:08:09,570 INFO Errors: 0
2026-06-25 15:08:09,570 INFO First rejected items: Basin Bultenleri Ve Duyurular :: Tarih yok; varsayılan kapıdan geçmedi :: https://www.alternatifbank.com.tr/hakkimizda/basin-odasi/basin-bultenleri-ve-duyurular?page=2 | İletişime Geç :: title_too_short :: https://www.alternatifbank.com.tr/hakkimizda/basin-odasi/basin-bultenleri-ve-duyurular | Basın Odası :: title_too_short :: https://www.alternatifbank.com.tr/hakkimizda/basin-odasi | Detaylı Bilgi Al :: title_too_short :: https://www.alternatifbank.com.tr/hakkimizda/basin-odasi/basin-bultenleri-ve-duyurular/alternatifbank-yeni-musterilere-ozel-2-49-kredi | Detaylı Bilgi Al :: title_too_short :: https://www.alternatifbank.com.tr/hakkimizda/basin-odasi/basin-bultenleri-ve-duyurular/alternatifbank-ilk-ceyrekte-139-milyar-tl-aktif-buyukluge-ulasti | Detaylı Bilgi Al :: title_too_short :: https://www.alternatifbank.com.tr/hakkimizda/basin-odasi/basin-bultenleri-ve-duyurular/alternatif-bank-musteri-deneyiminin-gelecegini-farkli-sektorlerden-liderlerle-ele-aldi | Detaylı Bilgi Al :: title_too_short :: https://www.alternatifbank.com.tr/hakkimizda/basin-odasi/basin-bultenleri-ve-duyurular/alternatif-bank-birlikte-daha-esit | Detaylı Bilgi Al :: title_too_short :: https://www.alternatifbank.com.tr/hakkimizda/basin-odasi/basin-bultenleri-ve-duyurular/alternatif-bank-kurumsal-ve-ticari-bankacilikta-2025-yilini-guclu-buyumeyle-tamamladi | Detaylı Bilgi Al :: title_too_short :: https://www.alternatifbank.com.tr/hakkimizda/basin-odasi/basin-bultenleri-ve-duyurular/alternatif-bank-dis-ticaret-finansmaninda-asya-kalkinma-bankasiyla-onemli-is-birligi | Detaylı Bilgi Al :: title_too_short :: https://www.alternatifbank.com.tr/hakkimizda/basin-odasi/basin-bultenleri-ve-duyurular/alternatif-bank-2025-yil-sonunda-127-milyar-tlyi-asan-aktif-buyukluge-ulasti
