2026-06-26 08:58:46,241 INFO Documents considered: 1
2026-06-26 08:58:46,241 INFO Recency cutoff: 2026-05-01
2026-06-26 08:58:46,241 INFO Allow undated: False
2026-06-26 08:58:46,241 INFO Allow low date confidence: False
2026-06-26 08:58:46,241 INFO Allow end-date recency: False
2026-06-26 08:58:46,274 INFO Poor item skipped | title_too_short | Duyurular | https://www.anadolubank.com.tr/duyurular
2026-06-26 08:58:46,274 INFO Rejected candidate | title_too_short | Duyurular | https://www.anadolubank.com.tr/duyurular
2026-06-26 08:58:46,275 INFO Rejected candidate | Tarih yok; varsayılan kapıdan geçmedi | Taksitli Nakit Avans | https://www.anadolubank.com.tr/sizin-icin/kartlar/taksitli-nakit-avans
2026-06-26 08:58:46,275 INFO Rejected candidate | Tarih yok; varsayılan kapıdan geçmedi | Peşine Taksit ve Erteleme | https://www.anadolubank.com.tr/sizin-icin/kartlar/pesine-taksit-ve-erteleme
2026-06-26 08:58:46,275 INFO Rejected candidate | Tarih yok; varsayılan kapıdan geçmedi | Kredi Kartı Asgari Ödeme | https://www.anadolubank.com.tr/sizin-icin/kartlar/kredi-karti-asgari-odeme
2026-06-26 08:58:46,275 INFO Dry run: 0 items would be written
2026-06-26 08:58:46,289 INFO Total links found: 522
2026-06-26 08:58:46,290 INFO Candidate links found: 4
2026-06-26 08:58:46,290 INFO Detail pages fetched: 0
2026-06-26 08:58:46,290 INFO Recent items created: 0
2026-06-26 08:58:46,290 INFO Saved recent developments: 0
2026-06-26 08:58:46,290 INFO Rejected old items: 0
2026-06-26 08:58:46,290 INFO Rejected undated items: 4
2026-06-26 08:58:46,290 INFO Rejected low-confidence dates: 0
2026-06-26 08:58:46,290 INFO Rejected non-developments: 0
2026-06-26 08:58:46,290 INFO Saved by publication_date: 0
2026-06-26 08:58:46,290 INFO Saved by announcement_date: 0
2026-06-26 08:58:46,290 INFO Saved by campaign_start_date: 0
2026-06-26 08:58:46,290 INFO Rejected because only campaign_end_date existed: 0
2026-06-26 08:58:46,290 INFO passed_by_publication_date_count: 0
2026-06-26 08:58:46,290 INFO passed_by_announcement_date_count: 0
2026-06-26 08:58:46,290 INFO passed_by_campaign_start_date_count: 0
2026-06-26 08:58:46,290 INFO passed_by_end_date_manual_override_count: 0
2026-06-26 08:58:46,290 INFO rejected_only_campaign_end_date_count: 0
2026-06-26 08:58:46,290 INFO Active old campaigns detected: 0
2026-06-26 08:58:46,290 INFO Content role Bağımsız Gelişme: 0
2026-06-26 08:58:46,290 INFO Content role Bağlamsal Veri: 0
2026-06-26 08:58:46,290 INFO Content role Yönetici Bilgilendirme: 0
2026-06-26 08:58:46,290 INFO Content role Kapsam Dışı/Benchmark: 4
2026-06-26 08:58:46,290 INFO Poor items skipped: 1
2026-06-26 08:58:46,290 INFO Duplicates skipped: 0
2026-06-26 08:58:46,290 INFO Errors: 0
2026-06-26 08:58:46,290 INFO First rejected items: Duyurular :: title_too_short :: https://www.anadolubank.com.tr/duyurular | Taksitli Nakit Avans :: Tarih yok; varsayılan kapıdan geçmedi :: https://www.anadolubank.com.tr/sizin-icin/kartlar/taksitli-nakit-avans | Peşine Taksit ve Erteleme :: Tarih yok; varsayılan kapıdan geçmedi :: https://www.anadolubank.com.tr/sizin-icin/kartlar/pesine-taksit-ve-erteleme | Kredi Kartı Asgari Ödeme :: Tarih yok; varsayılan kapıdan geçmedi :: https://www.anadolubank.com.tr/sizin-icin/kartlar/kredi-karti-asgari-odeme

CANDIDATE REPORT
source_id: REG-153
source_name: Anadolubank Basın Bültenleri ve Röportajlar
source_url: https://www.anadolubank.com.tr/hakkimizda/kurumsal-iletisim/basin-bultenleri-ve-roportajlar
total links found: 522
candidate links found: 4
- score=6 | title=Duyurular | url=https://www.anadolubank.com.tr/duyurular | reason=positive_keyword,detail_path
- score=4 | title=Taksitli Nakit Avans | url=https://www.anadolubank.com.tr/sizin-icin/kartlar/taksitli-nakit-avans | reason=title_length,positive_keyword
- score=4 | title=Peşine Taksit ve Erteleme | url=https://www.anadolubank.com.tr/sizin-icin/kartlar/pesine-taksit-ve-erteleme | reason=title_length,positive_keyword
- score=4 | title=Kredi Kartı Asgari Ödeme | url=https://www.anadolubank.com.tr/sizin-icin/kartlar/kredi-karti-asgari-odeme | reason=title_length,positive_keyword
