2026-06-26 09:03:42,708 INFO Documents considered: 1
2026-06-26 09:03:42,708 INFO Recency cutoff: 2026-05-01
2026-06-26 09:03:42,708 INFO Allow undated: False
2026-06-26 09:03:42,709 INFO Allow low date confidence: False
2026-06-26 09:03:42,709 INFO Allow end-date recency: False
2026-06-26 09:03:42,738 INFO Rejected candidate | Tarih yok; varsayılan kapıdan geçmedi | Anadolubank ve İGE A.Ş. iş birliği ile ihracata destek | https://www.anadolubank.com.tr/hakkimizda/kurumsal-iletisim/basin-bultenleri-ve-roportajlar/2023/anadolubank-ve-ige-as-i-birligi-ile-ihracata-destek
2026-06-26 09:03:42,738 INFO Rejected candidate | Tarih yok; varsayılan kapıdan geçmedi | Anadolubank POS artık cebinde! | https://www.anadolubank.com.tr/hakkimizda/kurumsal-iletisim/basin-bultenleri-ve-roportajlar/2022/anadolubank-pos-artik-cebinde
2026-06-26 09:03:42,739 INFO Rejected candidate | Tarih yok; varsayılan kapıdan geçmedi | Anadolubank’tan dış ticarete Navlun Kredisi desteği | https://www.anadolubank.com.tr/hakkimizda/kurumsal-iletisim/basin-bultenleri-ve-roportajlar/2021/anadolubanktan-dis-ticarete-navlun-kredisi-destegi
2026-06-26 09:03:42,739 INFO Rejected candidate | Tarih yok; varsayılan kapıdan geçmedi | Anadolubank dış ticaretteki payını büyütmeye devam ediyor | https://www.anadolubank.com.tr/hakkimizda/kurumsal-iletisim/basin-bultenleri-ve-roportajlar/2021/anadolubank-dis-ticaretteki-payini-buyutmeye-devam-ediyor
2026-06-26 09:03:42,740 INFO Rejected candidate | Tarih yok; varsayılan kapıdan geçmedi | Anadolubank yeni Nakit Yönetimi ürünü Tedarikçi Finansmanı’nı müşterilerine sundu | https://www.anadolubank.com.tr/hakkimizda/kurumsal-iletisim/basin-bultenleri-ve-roportajlar/2021/anadolubank-yeni-nakit-yoenetimi-ueruenue-tedarikci-finansmann-mueterilerine-sundu
2026-06-26 09:03:42,740 INFO Rejected candidate | Tarih yok; varsayılan kapıdan geçmedi | Anadolubank Kurumsal ve Ticari Bankacılık Bölümü Genel Müdür Yardımcılığı görevine Ahmet Yiğit atand | https://www.anadolubank.com.tr/hakkimizda/kurumsal-iletisim/basin-bultenleri-ve-roportajlar/2020/genel-mudur-yardimciligi-gorevine-ahmet-yigit-atandi
2026-06-26 09:03:42,740 INFO Dry run: 0 items would be written
2026-06-26 09:03:42,759 INFO Total links found: 522
2026-06-26 09:03:42,759 INFO Candidate links found: 6
2026-06-26 09:03:42,759 INFO Detail pages fetched: 0
2026-06-26 09:03:42,759 INFO Recent items created: 0
2026-06-26 09:03:42,759 INFO Saved recent developments: 0
2026-06-26 09:03:42,759 INFO Rejected old items: 0
2026-06-26 09:03:42,759 INFO Rejected undated items: 6
2026-06-26 09:03:42,759 INFO Rejected low-confidence dates: 0
2026-06-26 09:03:42,759 INFO Rejected non-developments: 0
2026-06-26 09:03:42,759 INFO Saved by publication_date: 0
2026-06-26 09:03:42,759 INFO Saved by announcement_date: 0
2026-06-26 09:03:42,759 INFO Saved by campaign_start_date: 0
2026-06-26 09:03:42,759 INFO Rejected because only campaign_end_date existed: 0
2026-06-26 09:03:42,759 INFO passed_by_publication_date_count: 0
2026-06-26 09:03:42,759 INFO passed_by_announcement_date_count: 0
2026-06-26 09:03:42,759 INFO passed_by_campaign_start_date_count: 0
2026-06-26 09:03:42,759 INFO passed_by_end_date_manual_override_count: 0
2026-06-26 09:03:42,759 INFO rejected_only_campaign_end_date_count: 0
2026-06-26 09:03:42,759 INFO Active old campaigns detected: 0
2026-06-26 09:03:42,759 INFO Content role Bağımsız Gelişme: 6
2026-06-26 09:03:42,759 INFO Content role Bağlamsal Veri: 0
2026-06-26 09:03:42,759 INFO Content role Yönetici Bilgilendirme: 0
2026-06-26 09:03:42,759 INFO Content role Kapsam Dışı/Benchmark: 0
2026-06-26 09:03:42,759 INFO Poor items skipped: 0
2026-06-26 09:03:42,759 INFO Duplicates skipped: 0
2026-06-26 09:03:42,759 INFO Errors: 0
2026-06-26 09:03:42,759 INFO First rejected items: Anadolubank ve İGE A.Ş. iş birliği ile ihracata destek :: Tarih yok; varsayılan kapıdan geçmedi :: https://www.anadolubank.com.tr/hakkimizda/kurumsal-iletisim/basin-bultenleri-ve-roportajlar/2023/anadolubank-ve-ige-as-i-birligi-ile-ihracata-destek | Anadolubank POS artık cebinde! :: Tarih yok; varsayılan kapıdan geçmedi :: https://www.anadolubank.com.tr/hakkimizda/kurumsal-iletisim/basin-bultenleri-ve-roportajlar/2022/anadolubank-pos-artik-cebinde | Anadolubank’tan dış ticarete Navlun Kredisi desteği :: Tarih yok; varsayılan kapıdan geçmedi :: https://www.anadolubank.com.tr/hakkimizda/kurumsal-iletisim/basin-bultenleri-ve-roportajlar/2021/anadolubanktan-dis-ticarete-navlun-kredisi-destegi | Anadolubank dış ticaretteki payını büyütmeye devam ediyor :: Tarih yok; varsayılan kapıdan geçmedi :: https://www.anadolubank.com.tr/hakkimizda/kurumsal-iletisim/basin-bultenleri-ve-roportajlar/2021/anadolubank-dis-ticaretteki-payini-buyutmeye-devam-ediyor | Anadolubank yeni Nakit Yönetimi ürünü Tedarikçi Finansmanı’nı müşterilerine sundu :: Tarih yok; varsayılan kapıdan geçmedi :: https://www.anadolubank.com.tr/hakkimizda/kurumsal-iletisim/basin-bultenleri-ve-roportajlar/2021/anadolubank-yeni-nakit-yoenetimi-ueruenue-tedarikci-finansmann-mueterilerine-sundu | Anadolubank Kurumsal ve Ticari Bankacılık Bölümü Genel Müdür Yardımcılığı görevine Ahmet Yiğit atandı :: Tarih yok; varsayılan kapıdan geçmedi :: https://www.anadolubank.com.tr/hakkimizda/kurumsal-iletisim/basin-bultenleri-ve-roportajlar/2020/genel-mudur-yardimciligi-gorevine-ahmet-yigit-atandi

CANDIDATE REPORT
source_id: REG-153
source_name: Anadolubank Basın Bültenleri ve Röportajlar
source_url: https://www.anadolubank.com.tr/hakkimizda/kurumsal-iletisim/basin-bultenleri-ve-roportajlar
total links found: 522
candidate links found: 6
- score=24 | title=Anadolubank ve İGE A.Ş. iş birliği ile ihracata destek | url=https://www.anadolubank.com.tr/hakkimizda/kurumsal-iletisim/basin-bultenleri-ve-roportajlar/2023/anadolubank-ve-ige-as-i-birligi-ile-ihracata-destek | reason=anadolubank_press_archive
- score=24 | title=Anadolubank POS artık cebinde! | url=https://www.anadolubank.com.tr/hakkimizda/kurumsal-iletisim/basin-bultenleri-ve-roportajlar/2022/anadolubank-pos-artik-cebinde | reason=anadolubank_press_archive
- score=24 | title=Anadolubank’tan dış ticarete Navlun Kredisi desteği | url=https://www.anadolubank.com.tr/hakkimizda/kurumsal-iletisim/basin-bultenleri-ve-roportajlar/2021/anadolubanktan-dis-ticarete-navlun-kredisi-destegi | reason=anadolubank_press_archive
- score=24 | title=Anadolubank dış ticaretteki payını büyütmeye devam ediyor | url=https://www.anadolubank.com.tr/hakkimizda/kurumsal-iletisim/basin-bultenleri-ve-roportajlar/2021/anadolubank-dis-ticaretteki-payini-buyutmeye-devam-ediyor | reason=anadolubank_press_archive
- score=24 | title=Anadolubank yeni Nakit Yönetimi ürünü Tedarikçi Finansmanı’nı müşterilerine sundu | url=https://www.anadolubank.com.tr/hakkimizda/kurumsal-iletisim/basin-bultenleri-ve-roportajlar/2021/anadolubank-yeni-nakit-yoenetimi-ueruenue-tedarikci-finansmann-mueterilerine-sundu | reason=anadolubank_press_archive
- score=24 | title=Anadolubank Kurumsal ve Ticari Bankacılık Bölümü Genel Müdür Yardımcılığı görevine Ahmet Yiğit atandı | url=https://www.anadolubank.com.tr/hakkimizda/kurumsal-iletisim/basin-bultenleri-ve-roportajlar/2020/genel-mudur-yardimciligi-gorevine-ahmet-yigit-atandi | reason=anadolubank_press_archive
