2026-06-26 09:05:14,310 INFO Documents considered: 1
2026-06-26 09:05:14,310 INFO Recency cutoff: 2026-05-01
2026-06-26 09:05:14,310 INFO Allow undated: False
2026-06-26 09:05:14,310 INFO Allow low date confidence: False
2026-06-26 09:05:14,310 INFO Allow end-date recency: False
2026-06-26 09:05:15,454 INFO Rejected candidate | Tarih yok; varsayılan kapıdan geçmedi | Anadolubank ve İGE A.Ş. iş birliği ile ihracata destek | https://www.anadolubank.com.tr/hakkimizda/kurumsal-iletisim/basin-bultenleri-ve-roportajlar/2023/anadolubank-ve-ige-as-i-birligi-ile-ihracata-destek
2026-06-26 09:05:16,571 INFO Rejected candidate | Tarih yok; varsayılan kapıdan geçmedi | Anadolubank POS artık cebinde! | Anadolubank | https://www.anadolubank.com.tr/hakkimizda/kurumsal-iletisim/basin-bultenleri-ve-roportajlar/2022/anadolubank-pos-artik-cebinde
2026-06-26 09:05:17,706 INFO Rejected candidate | Tarih yok; varsayılan kapıdan geçmedi | Dış Ticarete Navlun Kredisi Desteği | Anadolubank | https://www.anadolubank.com.tr/hakkimizda/kurumsal-iletisim/basin-bultenleri-ve-roportajlar/2021/anadolubanktan-dis-ticarete-navlun-kredisi-destegi
2026-06-26 09:05:18,826 INFO Rejected candidate | Tarih yok; varsayılan kapıdan geçmedi | Dış Ticaretteki Payını Büyütmeye Devam Ediyor | Anadolubank | https://www.anadolubank.com.tr/hakkimizda/kurumsal-iletisim/basin-bultenleri-ve-roportajlar/2021/anadolubank-dis-ticaretteki-payini-buyutmeye-devam-ediyor
2026-06-26 09:05:19,852 INFO Rejected candidate | Tarih yok; varsayılan kapıdan geçmedi | Yeni Nakit Yönetimi Ürünü Müşterilerine Sundu | Anadolubank | https://www.anadolubank.com.tr/hakkimizda/kurumsal-iletisim/basin-bultenleri-ve-roportajlar/2021/anadolubank-yeni-nakit-yoenetimi-ueruenue-tedarikci-finansmann-mueterilerine-sundu
2026-06-26 09:05:20,974 INFO Rejected candidate | Tarih yok; varsayılan kapıdan geçmedi | Genel Müdür Yardımcılığı Görevine Ahmet Yiğit Atandı | https://www.anadolubank.com.tr/hakkimizda/kurumsal-iletisim/basin-bultenleri-ve-roportajlar/2020/genel-mudur-yardimciligi-gorevine-ahmet-yigit-atandi
2026-06-26 09:05:20,974 INFO Dry run: 0 items would be written
2026-06-26 09:05:20,997 INFO Total links found: 522
2026-06-26 09:05:20,997 INFO Candidate links found: 6
2026-06-26 09:05:20,997 INFO Detail pages fetched: 6
2026-06-26 09:05:20,997 INFO Recent items created: 0
2026-06-26 09:05:20,997 INFO Saved recent developments: 0
2026-06-26 09:05:20,997 INFO Rejected old items: 0
2026-06-26 09:05:20,997 INFO Rejected undated items: 6
2026-06-26 09:05:20,997 INFO Rejected low-confidence dates: 0
2026-06-26 09:05:20,997 INFO Rejected non-developments: 0
2026-06-26 09:05:20,997 INFO Saved by publication_date: 0
2026-06-26 09:05:20,997 INFO Saved by announcement_date: 0
2026-06-26 09:05:20,997 INFO Saved by campaign_start_date: 0
2026-06-26 09:05:20,997 INFO Rejected because only campaign_end_date existed: 0
2026-06-26 09:05:20,997 INFO passed_by_publication_date_count: 0
2026-06-26 09:05:20,997 INFO passed_by_announcement_date_count: 0
2026-06-26 09:05:20,997 INFO passed_by_campaign_start_date_count: 0
2026-06-26 09:05:20,997 INFO passed_by_end_date_manual_override_count: 0
2026-06-26 09:05:20,997 INFO rejected_only_campaign_end_date_count: 0
2026-06-26 09:05:20,997 INFO Active old campaigns detected: 0
2026-06-26 09:05:20,997 INFO Content role Bağımsız Gelişme: 6
2026-06-26 09:05:20,997 INFO Content role Bağlamsal Veri: 0
2026-06-26 09:05:20,997 INFO Content role Yönetici Bilgilendirme: 0
2026-06-26 09:05:20,997 INFO Content role Kapsam Dışı/Benchmark: 0
2026-06-26 09:05:20,997 INFO Poor items skipped: 0
2026-06-26 09:05:20,997 INFO Duplicates skipped: 0
2026-06-26 09:05:20,997 INFO Errors: 0
2026-06-26 09:05:20,997 INFO First rejected items: Anadolubank ve İGE A.Ş. iş birliği ile ihracata destek :: Tarih yok; varsayılan kapıdan geçmedi :: https://www.anadolubank.com.tr/hakkimizda/kurumsal-iletisim/basin-bultenleri-ve-roportajlar/2023/anadolubank-ve-ige-as-i-birligi-ile-ihracata-destek | Anadolubank POS artık cebinde! | Anadolubank :: Tarih yok; varsayılan kapıdan geçmedi :: https://www.anadolubank.com.tr/hakkimizda/kurumsal-iletisim/basin-bultenleri-ve-roportajlar/2022/anadolubank-pos-artik-cebinde | Dış Ticarete Navlun Kredisi Desteği | Anadolubank :: Tarih yok; varsayılan kapıdan geçmedi :: https://www.anadolubank.com.tr/hakkimizda/kurumsal-iletisim/basin-bultenleri-ve-roportajlar/2021/anadolubanktan-dis-ticarete-navlun-kredisi-destegi | Dış Ticaretteki Payını Büyütmeye Devam Ediyor | Anadolubank :: Tarih yok; varsayılan kapıdan geçmedi :: https://www.anadolubank.com.tr/hakkimizda/kurumsal-iletisim/basin-bultenleri-ve-roportajlar/2021/anadolubank-dis-ticaretteki-payini-buyutmeye-devam-ediyor | Yeni Nakit Yönetimi Ürünü Müşterilerine Sundu | Anadolubank :: Tarih yok; varsayılan kapıdan geçmedi :: https://www.anadolubank.com.tr/hakkimizda/kurumsal-iletisim/basin-bultenleri-ve-roportajlar/2021/anadolubank-yeni-nakit-yoenetimi-ueruenue-tedarikci-finansmann-mueterilerine-sundu | Genel Müdür Yardımcılığı Görevine Ahmet Yiğit Atandı :: Tarih yok; varsayılan kapıdan geçmedi :: https://www.anadolubank.com.tr/hakkimizda/kurumsal-iletisim/basin-bultenleri-ve-roportajlar/2020/genel-mudur-yardimciligi-gorevine-ahmet-yigit-atandi

CANDIDATE REPORT
source_id: REG-153
source_name: Anadolubank Basın Bültenleri ve Röportajlar
source_url: https://www.anadolubank.com.tr/hakkimizda/kurumsal-iletisim/basin-bultenleri-ve-roportajlar
total links found: 522
candidate links found: 6
- score=24 | title=Anadolubank ve İGE A.Ş. iş birliği ile ihracata destek | url=https://www.anadolubank.com.tr/hakkimizda/kurumsal-iletisim/basin-bultenleri-ve-roportajlar/2023/anadolubank-ve-ige-as-i-birligi-ile-ihracata-destek | reason=anadolubank_press_archive
- score=24 | title=Anadolubank POS artık cebinde! | url=https://www.anadolubank.com.tr/hakkimizda/kurumsal-iletisim/basin-bultenleri-ve-roportajlar/2022/anadolubank-pos-artik-cebinde | reason=anadolubank_press_archive
- score=24 | title=Anadolubank’tan dış ticarete Navlun Kredisi desteği | url=https://www.anadolubank.com.tr/hakkimizda/kurumsal-iletisim/basin-bultenleri-ve-roportajlar/2021/anadolubanktan-dis-ticarete-navlun-kredisi-destegi | reason=anadolubank_press_archive
- score=24 | title=Anadolubank dış ticaretteki payını büyütmeye devam ediyor | url=https://www.anadolubank.com.tr/hakkimizda/kurumsal-iletisim/basin-bultenleri-ve-roportajlar/2021/anadolubank-dis-ticaretteki-payini-buyutmeye-devam-ediyor | reason=anadolubank_press_archive
- score=24 | title=Anadolubank yeni Nakit Yönetimi ürünü Tedarikçi Finansmanı’nı müşterilerine sundu | url=https://www.anadolubank.com.tr/hakkimizda/kurumsal-iletisim/basin-bultenleri-ve-roportajlar/2021/anadolubank-yeni-nakit-yoenetimi-ueruenue-tedarikci-finansmann-mueterilerine-sundu | reason=anadolubank_press_archive
- score=24 | title=Anadolubank Kurumsal ve Ticari Bankacılık Bölümü Genel Müdür Yardımcılığı görevine Ahmet Yiğit atandı | url=https://www.anadolubank.com.tr/hakkimizda/kurumsal-iletisim/basin-bultenleri-ve-roportajlar/2020/genel-mudur-yardimciligi-gorevine-ahmet-yigit-atandi | reason=anadolubank_press_archive
