2026-06-26 08:58:47,055 INFO Documents considered: 1
2026-06-26 08:58:47,055 INFO Recency cutoff: 2026-05-01
2026-06-26 08:58:47,055 INFO Allow undated: False
2026-06-26 08:58:47,055 INFO Allow low date confidence: False
2026-06-26 08:58:47,055 INFO Allow end-date recency: False
2026-06-26 08:58:47,108 INFO Rejected candidate | Tarih yok; varsayılan kapıdan geçmedi | Hemen Odealı Olun, Hisse Senedi Komisyonunuzun 2.000 TL’si Bizden Olsun! | https://www.odeabank.com.tr/kampanyalar/hisse-senedi-kampanyasi-30127
2026-06-26 08:58:47,109 INFO Rejected candidate | Tarih yok; varsayılan kapıdan geçmedi | Avantajlı Faiz Oranları Oksijen Hesap'ta | https://www.odeabank.com.tr/kampanyalar/oksijen-hesap-paraniza-deger-veren-hesap-23135
2026-06-26 08:58:47,109 INFO Rejected candidate | Tarih yok; varsayılan kapıdan geçmedi | Arkadaşını Davet Et, 37.500 TL Nakit Ödül Kazanma Şansını Yakala! | https://www.odeabank.com.tr/kampanyalar/yakinini-odeaya-davet-et-kampanyasi-26791
2026-06-26 08:58:47,109 INFO Rejected candidate | Tarih yok; varsayılan kapıdan geçmedi | Turkiyenin Finansal Okuryazarlik Ve Davranis Haritasi | https://www.odeabank.com.tr/hakkimizda/basin-bultenleri/turkiyenin-finansal-okuryazarlik-ve-davranis-haritasi
2026-06-26 08:58:47,110 INFO Rejected candidate | Tarih yok; varsayılan kapıdan geçmedi | Odeabank Yatirim Odakli Podcastin 4 Sezonu Basliyor | https://www.odeabank.com.tr/hakkimizda/basin-bultenleri/odeabank-yatirim-odakli-podcastin-4-sezonu-basliyor
2026-06-26 08:58:47,110 INFO Rejected candidate | Tarih yok; varsayılan kapıdan geçmedi | Odeabank Finansal Karbon Muhasebesinde Kuresel Is Birligi Pcafe Imza Atti | https://www.odeabank.com.tr/hakkimizda/basin-bultenleri/odeabank-finansal-karbon-muhasebesinde-kuresel-is-birligi-pcafe-imza-atti
2026-06-26 08:58:47,111 INFO Rejected candidate | Tarih yok; varsayılan kapıdan geçmedi | Odeabank ve İş Portföy’den Düşük Riskli, Yüksek Performanslı Fon: “IOP” | https://www.odeabank.com.tr/hakkimizda/basin-bultenleri/odeabank-ve-is-portfoyden-dusuk-riskli-yuksek-performansli-fon-iop
2026-06-26 08:58:47,111 INFO Rejected candidate | Tarih yok; varsayılan kapıdan geçmedi | Odeabank UN Global Compact imzacısı oldu | https://www.odeabank.com.tr/hakkimizda/basin-bultenleri/odeabank-un-global-compact-imzacisi-oldu
2026-06-26 08:58:47,112 INFO Rejected candidate | Tarih yok; varsayılan kapıdan geçmedi | Odeabank, İstanbul Tiyatro Festivali’nde kadın üretimini 5. yılında da destekliyor | https://www.odeabank.com.tr/hakkimizda/basin-bultenleri/odeabank-istanbul-tiyatro-festivalinde-kadin-uretimini-5-yilinda-da-destekliyor
2026-06-26 08:58:47,112 INFO Rejected candidate | Tarih yok; varsayılan kapıdan geçmedi | Odeabank’ın “Eşit Masallar” Oyunu Kadıköy’de Minik Seyircilerle Buluşuyor | https://www.odeabank.com.tr/hakkimizda/basin-bultenleri/odeabankin-esit-masallar-oyunu-kadikoyde-minik-seyircilerle-bulusuyor
2026-06-26 08:58:47,113 INFO Rejected candidate | Tarih yok; varsayılan kapıdan geçmedi | Odeabank ve Yapı Kredi Portföy’den stratejik iş birliği | https://www.odeabank.com.tr/hakkimizda/basin-bultenleri/odeabank-ve-yapi-kredi-portfoyden-stratejik-is-birligi
2026-06-26 08:58:47,113 INFO Rejected candidate | Tarih yok; varsayılan kapıdan geçmedi | Odeabank yapay zeka ile bankacılıkta yeni bir dönem başlatıyor | https://www.odeabank.com.tr/hakkimizda/basin-bultenleri/odeabank-yapay-zeka-ile-bankacilikta-yeni-bir-donem-baslatiyor
2026-06-26 08:58:47,114 INFO Rejected candidate | Tarih yok; varsayılan kapıdan geçmedi | Odea Ayrıcalıklar Dünyası ile Türkiye’de ilk kez harcamalar yatırıma dönüşüyor | https://www.odeabank.com.tr/hakkimizda/basin-bultenleri/odea-ayricaliklar-dunyasi-ile-turkiyede-ilk-kez-harcamalar-yatirima-donusuyor
2026-06-26 08:58:47,114 INFO Rejected candidate | Tarih yok; varsayılan kapıdan geçmedi | Odeabank, İstanbul Fintech Week’25’te fijital bankacılık yatırımlarını anlattı | https://www.odeabank.com.tr/hakkimizda/basin-bultenleri/odeabank-istanbul-fintech-week25te-fijital-bankacilik-yatirimlarini-anlatti
2026-06-26 08:58:47,115 INFO Rejected candidate | Tarih yok; varsayılan kapıdan geçmedi | Odeabank’ın Yeni Programı “Yatırım Odaklı Gündem” Odea Radyo’da Başlıyor | https://www.odeabank.com.tr/hakkimizda/basin-bultenleri/odeabankin-yeni-programi-yatirim-odakli-gundem-odea-radyoda-basliyor
2026-06-26 08:58:47,115 INFO Rejected candidate | Tarih yok; varsayılan kapıdan geçmedi | Odeabank Planlı Çalışma | https://www.odeabank.com.tr/hakkimizda/basin-bultenleri/odeabank-planli-calisma
2026-06-26 08:58:47,115 INFO Rejected candidate | Tarih yok; varsayılan kapıdan geçmedi | Odeabank’ın ticari bankacılık projesine Qorus’tan 1’incilik ödülü | https://www.odeabank.com.tr/hakkimizda/basin-bultenleri/odeabankin-ticari-bankacilik-projesine-qorustan-1incilik-odulu
2026-06-26 08:58:47,116 INFO Rejected candidate | Tarih yok; varsayılan kapıdan geçmedi | Odeabank’ın Eşit Masallar tiyatro oyunu 23 Nisan’a özel sahnelenecek | https://www.odeabank.com.tr/hakkimizda/basin-bultenleri/odeabankin-esit-masallar-tiyatro-oyunu-23-nisana-ozel-sahnelenecek
2026-06-26 08:58:47,116 INFO Rejected candidate | Tarih yok; varsayılan kapıdan geçmedi | Odeabank ve Erişilebilir Her Şey iş birliği ile “Erişilebilirlik Üzerine Sohbetler” Odea Radyo’da ba | https://www.odeabank.com.tr/hakkimizda/basin-bultenleri/odeabank-ve-erisilebilir-her-sey-is-birligi-ile-erisilebilirlik-uzerine-sohbetler-odea-radyoda-basladi
2026-06-26 08:58:47,117 INFO Rejected candidate | Tarih yok; varsayılan kapıdan geçmedi | Odeabank yeni sürdürülebilirlik stratejisini açıkladı | https://www.odeabank.com.tr/hakkimizda/basin-bultenleri/odeabank-yeni-surdurulebilirlik-stratejisini-acikladi
2026-06-26 08:58:47,117 INFO Rejected candidate | Tarih yok; varsayılan kapıdan geçmedi | Odeabank’ın Eşit Masallar oyunu 7 Aralık’ta minik tiyatro severlerle buluşuyor | https://www.odeabank.com.tr/hakkimizda/basin-bultenleri/odeabankin-esit-masallar-oyunu-7-aralikta-minik-tiyatro-severlerle-bulusuyor
2026-06-26 08:58:47,118 INFO Rejected candidate | Tarih yok; varsayılan kapıdan geçmedi | Yatırım dünyasını müzikle buluşturan Odea Radyo 1 yaşında | https://www.odeabank.com.tr/hakkimizda/basin-bultenleri/yatirim-dunyasini-muzikle-bulusturan-odea-radyo-1-yasinda
2026-06-26 08:58:47,119 INFO Rejected candidate | Kesim tarihinden eski: 2024-12-31 < 2026-05-01 | Odeabank’tan 10 bin TL’ye varan nakit ödül için son gün 31 Aralık 2024 | https://www.odeabank.com.tr/hakkimizda/basin-bultenleri/odeabanktan-10-bin-tlye-varan-nakit-odul-icin-son-gun-31-aralik-2024
2026-06-26 08:58:47,119 INFO Rejected candidate | Tarih yok; varsayılan kapıdan geçmedi | ADQ, Odeabank'ın yüzde 96 hissesini almak için Bank Audi ile anlaştı. | https://www.odeabank.com.tr/hakkimizda/basin-bultenleri/adq-odeabankin-yuzde-96lik-hissesini-satin-almak-icin-bank-audi-liderligindeki-hissedar-konsorsiyumuyla-anlasti
2026-06-26 08:58:47,120 INFO Rejected candidate | Tarih yok; varsayılan kapıdan geçmedi | Odeabank yatırıma ışık tutan video serilerini Dünya Yatırımcı Haftası’nda duyurdu | https://www.odeabank.com.tr/hakkimizda/basin-bultenleri/odeabank-yatirima-isik-tutan-video-serilerini-dunya-yatirimci-haftasinda-duyurdu
2026-06-26 08:58:47,120 INFO Rejected candidate | Tarih yok; varsayılan kapıdan geçmedi | Odeabank gönüllülerinden genç kadınlara mentorluk desteği | https://www.odeabank.com.tr/hakkimizda/basin-bultenleri/odeabank-gonullulerinden-genc-kadinlara-mentorluk
2026-06-26 08:58:47,121 INFO Rejected candidate | Tarih yok; varsayılan kapıdan geçmedi | Odeabank’ın Eşit Masallar oyunu deprem bölgesinde çocuklarla buluştu | https://www.odeabank.com.tr/hakkimizda/basin-bultenleri/esit-masallar-oyunu-deprem-bolgesinde-cocuklarla-bulustu
2026-06-26 08:58:47,121 INFO Rejected candidate | Tarih yok; varsayılan kapıdan geçmedi | Odeabank müşterilerine Migros’tan 1000 TL’lik hediye çeki | https://www.odeabank.com.tr/hakkimizda/basin-bultenleri/odeabank-musterilerine-migrostan-hediye-ceki
2026-06-26 08:58:47,122 INFO Rejected candidate | Tarih yok; varsayılan kapıdan geçmedi | Odeabank’tan sürdürülebilir bir dünya için ‘Yeşil Dönüşüm Kredisi’ | https://www.odeabank.com.tr/hakkimizda/basin-bultenleri/odeabanktan-yesil-donusum-kredisi
2026-06-26 08:58:47,122 INFO Rejected candidate | Tarih yok; varsayılan kapıdan geçmedi | Odeabank'tan Dijital Dönüşümde Öncü Bir Adım: Odeatech | https://www.odeabank.com.tr/hakkimizda/basin-bultenleri/odeabank-odeatech-teknoloji-sirketini-kurdu
2026-06-26 08:58:47,123 INFO Rejected candidate | Tarih yok; varsayılan kapıdan geçmedi | Eşit Masallar oyunu, İBB Şehir Tiyatroları’nın 38. Çocuk Şenliği’nde minik tiyatro severlerle buluşu | https://www.odeabank.com.tr/hakkimizda/basin-bultenleri/esit-masallar-oyunu-38-cocuk-senliginde
2026-06-26 08:58:47,123 INFO Rejected candidate | Tarih yok; varsayılan kapıdan geçmedi | Odeabank gönüllülerinden genç kadınlara mentorluk desteği | https://www.odeabank.com.tr/hakkimizda/basin-bultenleri/odeabank-gonullulerinden-kadinlara-mentorluk
2026-06-26 08:58:47,124 INFO Rejected candidate | Tarih yok; varsayılan kapıdan geçmedi | Eşit Masallar oyunu, Dünya Tiyatro Günü’nde minik tiyatro severlerle buluşuyor | https://www.odeabank.com.tr/hakkimizda/basin-bultenleri/esit-masallar-oyunu-dunya-tiyatro-gununde-minik-tiyatro-severlerle-bulusuyor
2026-06-26 08:58:47,124 INFO Rejected candidate | Tarih yok; varsayılan kapıdan geçmedi | Eşit Masallar oyunu, minik tiyatroseverlerle buluşmaya devam ediyor | https://www.odeabank.com.tr/hakkimizda/basin-bultenleri/esit-masallar-oyunu-minik-tiyatroseverlerle-bulusmaya-devam-ediyor
2026-06-26 08:58:47,125 INFO Rejected candidate | Tarih yok; varsayılan kapıdan geçmedi | Eşit Masallar tiyatro oyunu minik tiyatroseverlere eşit bir dünyayı anlatacak | https://www.odeabank.com.tr/hakkimizda/basin-bultenleri/esit-masallar-tiyatro-oyunu-minik-tiyatroseverlere-esit-bir-dunyayi-anlatacak
2026-06-26 08:58:47,125 INFO Rejected candidate | Tarih yok; varsayılan kapıdan geçmedi | Odeabank 3. çeyrekte de sürdürülebilir büyümeye devam etti | https://www.odeabank.com.tr/hakkimizda/basin-bultenleri/odeabank-3-ceyrekte-de-surdurulebilir-buyumeye-devam-etti
2026-06-26 08:58:47,126 INFO Rejected candidate | Tarih yok; varsayılan kapıdan geçmedi | Odeabank Yatırım Odaklı Bankacılık Uygulamasıyla Webrazzi Summit 2023’e katılacak | https://www.odeabank.com.tr/hakkimizda/basin-bultenleri/odeabank-yatirim-odakli-bankacilik-uygulamasiyla-webrazzi-summit-2023e-katilacak
2026-06-26 08:58:47,126 INFO Rejected candidate | Tarih yok; varsayılan kapıdan geçmedi | O’art’tan Odeabank’ın 10. yılına özel sergi: “Onunla” | https://www.odeabank.com.tr/hakkimizda/basin-bultenleri/oarttan-odeabankin-10-yilina-ozel-sergi-onunla
2026-06-26 08:58:47,126 INFO Rejected candidate | Tarih yok; varsayılan kapıdan geçmedi | Piksel. | O’art 2022 mezunlarından karma dijital sergi “Yumuşak Disiplin” | https://www.odeabank.com.tr/hakkimizda/basin-bultenleri/piksel-or-oart-2022-mezunlarindan-karma-dijital-sergi-yumusak-disiplin
2026-06-26 08:58:47,127 INFO Rejected candidate | Tarih yok; varsayılan kapıdan geçmedi | Sektörün en genci Odeabank, kârlı ve hızlı büyümeyi sürdürüyor | https://www.odeabank.com.tr/hakkimizda/basin-bultenleri/sektorun-en-genci-odeabank-karli-ve-hizli-buyumeyi-surduruyor
2026-06-26 08:58:47,127 INFO Rejected candidate | Tarih yok; varsayılan kapıdan geçmedi | Odeabank, dijital kanallardan müşterisi olan Odealılar için hatıra ormanı oluşturacak | https://www.odeabank.com.tr/hakkimizda/basin-bultenleri/odeabank-dijital-kanallardan-musterisi-olan-odealilar-icin-hatira-ormani-olusturacak
2026-06-26 08:58:47,128 INFO Rejected candidate | Tarih yok; varsayılan kapıdan geçmedi | Odeabank 2023’e de hızlı başladı | https://www.odeabank.com.tr/hakkimizda/basin-bultenleri/odeabank-ilk-ceyrek-sonuclari-2023
2026-06-26 08:58:47,128 INFO Rejected candidate | Tarih yok; varsayılan kapıdan geçmedi | Odeabank, ‘Mor Yerleşke’ ile deprem bölgesine 12 ay boyunca destek olacak | https://www.odeabank.com.tr/hakkimizda/basin-bultenleri/odeabank-mor-yerleske-ile-deprem-bolgesine-12-ay-boyunca-destek-olacak
2026-06-26 08:58:47,129 INFO Rejected candidate | Tarih yok; varsayılan kapıdan geçmedi | Odeabank, dijital kart Bank’O Diji K@rt’ı kullanıma sundu | https://www.odeabank.com.tr/hakkimizda/basin-bultenleri/odeabank-dijital-kart-banko-diji-krti-kullanima-sundu
2026-06-26 08:58:47,129 INFO Rejected candidate | Tarih yok; varsayılan kapıdan geçmedi | Odeabank Yeni Misyon Vizyon ve İşveren Markasını Açıkladı | https://www.odeabank.com.tr/hakkimizda/basin-bultenleri/odeabank-yeni-misyon-vizyon-ve-isveren-markasini-acikladi
2026-06-26 08:58:47,130 INFO Rejected candidate | Tarih yok; varsayılan kapıdan geçmedi | Odeabank 2022’nin İlk Çeyreğinde de Büyümeye Devam Etti | https://www.odeabank.com.tr/hakkimizda/basin-bultenleri/odeabank-2022nin-ilk-ceyreginde-de-buyumeye-devam-etti
2026-06-26 08:58:47,130 INFO Rejected candidate | Tarih yok; varsayılan kapıdan geçmedi | Odeabank kuruluşunun 10’uncu yılında da karlı büyümeye devam ediyor | https://www.odeabank.com.tr/hakkimizda/basin-bultenleri/odeabank-kurulusunun-10uncu-yilinda-da-karli-buyumeye-devam-ediyor
2026-06-26 08:58:47,131 INFO Rejected candidate | Tarih yok; varsayılan kapıdan geçmedi | Odeabank’tan görünenden fazlasını sunan sürdürülebilirlik raporu | https://www.odeabank.com.tr/hakkimizda/basin-bultenleri/odeabanktan-gorunenden-fazlasini-sunan-surdurulebilirlik-raporu
2026-06-26 08:58:47,131 INFO Rejected candidate | Tarih yok; varsayılan kapıdan geçmedi | Odeabank “Eşit Masallar” turnesine devam ediyor | https://www.odeabank.com.tr/hakkimizda/basin-bultenleri/odeabank-esit-masallar-turnesine-devam-ediyor
2026-06-26 08:58:47,132 INFO Rejected candidate | Tarih yok; varsayılan kapıdan geçmedi | Odeabank kârlı ve hızlı büyümesini sürdürüyor | https://www.odeabank.com.tr/hakkimizda/basin-bultenleri/odeabank-karli-ve-hizli-buyumesini-surduruyor
2026-06-26 08:58:47,132 INFO Dry run: 0 items would be written
2026-06-26 08:58:47,148 INFO Total links found: 388
2026-06-26 08:58:47,148 INFO Candidate links found: 223
2026-06-26 08:58:47,148 INFO Detail pages fetched: 0
2026-06-26 08:58:47,148 INFO Recent items created: 0
2026-06-26 08:58:47,148 INFO Saved recent developments: 0
2026-06-26 08:58:47,148 INFO Rejected old items: 1
2026-06-26 08:58:47,148 INFO Rejected undated items: 49
2026-06-26 08:58:47,148 INFO Rejected low-confidence dates: 0
2026-06-26 08:58:47,148 INFO Rejected non-developments: 0
2026-06-26 08:58:47,148 INFO Saved by publication_date: 0
2026-06-26 08:58:47,148 INFO Saved by announcement_date: 0
2026-06-26 08:58:47,148 INFO Saved by campaign_start_date: 0
2026-06-26 08:58:47,148 INFO Rejected because only campaign_end_date existed: 0
2026-06-26 08:58:47,148 INFO passed_by_publication_date_count: 0
2026-06-26 08:58:47,148 INFO passed_by_announcement_date_count: 0
2026-06-26 08:58:47,148 INFO passed_by_campaign_start_date_count: 0
2026-06-26 08:58:47,148 INFO passed_by_end_date_manual_override_count: 0
2026-06-26 08:58:47,148 INFO rejected_only_campaign_end_date_count: 0
2026-06-26 08:58:47,148 INFO Active old campaigns detected: 0
2026-06-26 08:58:47,148 INFO Content role Bağımsız Gelişme: 0
2026-06-26 08:58:47,148 INFO Content role Bağlamsal Veri: 1
2026-06-26 08:58:47,148 INFO Content role Yönetici Bilgilendirme: 1
2026-06-26 08:58:47,148 INFO Content role Kapsam Dışı/Benchmark: 48
2026-06-26 08:58:47,148 INFO Poor items skipped: 0
2026-06-26 08:58:47,148 INFO Duplicates skipped: 0
2026-06-26 08:58:47,148 INFO Errors: 0
2026-06-26 08:58:47,148 INFO First rejected items: Hemen Odealı Olun, Hisse Senedi Komisyonunuzun 2.000 TL’si Bizden Olsun! :: Tarih yok; varsayılan kapıdan geçmedi :: https://www.odeabank.com.tr/kampanyalar/hisse-senedi-kampanyasi-30127 | Avantajlı Faiz Oranları Oksijen Hesap'ta :: Tarih yok; varsayılan kapıdan geçmedi :: https://www.odeabank.com.tr/kampanyalar/oksijen-hesap-paraniza-deger-veren-hesap-23135 | Arkadaşını Davet Et, 37.500 TL Nakit Ödül Kazanma Şansını Yakala! :: Tarih yok; varsayılan kapıdan geçmedi :: https://www.odeabank.com.tr/kampanyalar/yakinini-odeaya-davet-et-kampanyasi-26791 | Turkiyenin Finansal Okuryazarlik Ve Davranis Haritasi :: Tarih yok; varsayılan kapıdan geçmedi :: https://www.odeabank.com.tr/hakkimizda/basin-bultenleri/turkiyenin-finansal-okuryazarlik-ve-davranis-haritasi | Odeabank Yatirim Odakli Podcastin 4 Sezonu Basliyor :: Tarih yok; varsayılan kapıdan geçmedi :: https://www.odeabank.com.tr/hakkimizda/basin-bultenleri/odeabank-yatirim-odakli-podcastin-4-sezonu-basliyor | Odeabank Finansal Karbon Muhasebesinde Kuresel Is Birligi Pcafe Imza Atti :: Tarih yok; varsayılan kapıdan geçmedi :: https://www.odeabank.com.tr/hakkimizda/basin-bultenleri/odeabank-finansal-karbon-muhasebesinde-kuresel-is-birligi-pcafe-imza-atti | Odeabank ve İş Portföy’den Düşük Riskli, Yüksek Performanslı Fon: “IOP” :: Tarih yok; varsayılan kapıdan geçmedi :: https://www.odeabank.com.tr/hakkimizda/basin-bultenleri/odeabank-ve-is-portfoyden-dusuk-riskli-yuksek-performansli-fon-iop | Odeabank UN Global Compact imzacısı oldu :: Tarih yok; varsayılan kapıdan geçmedi :: https://www.odeabank.com.tr/hakkimizda/basin-bultenleri/odeabank-un-global-compact-imzacisi-oldu | Odeabank, İstanbul Tiyatro Festivali’nde kadın üretimini 5. yılında da destekliyor :: Tarih yok; varsayılan kapıdan geçmedi :: https://www.odeabank.com.tr/hakkimizda/basin-bultenleri/odeabank-istanbul-tiyatro-festivalinde-kadin-uretimini-5-yilinda-da-destekliyor | Odeabank’ın “Eşit Masallar” Oyunu Kadıköy’de Minik Seyircilerle Buluşuyor :: Tarih yok; varsayılan kapıdan geçmedi :: https://www.odeabank.com.tr/hakkimizda/basin-bultenleri/odeabankin-esit-masallar-oyunu-kadikoyde-minik-seyircilerle-bulusuyor

CANDIDATE REPORT
source_id: REG-096
source_name: Odeabank Basın Bültenleri
source_url: https://www.odeabank.com.tr/hakkimizda/basin-bultenleri
total links found: 388
candidate links found: 223
- score=8 | title=Hemen Odealı Olun, Hisse Senedi Komisyonunuzun 2.000 TL’si Bizden Olsun! | url=https://www.odeabank.com.tr/kampanyalar/hisse-senedi-kampanyasi-30127 | reason=title_length,positive_keyword,detail_path
- score=8 | title=Avantajlı Faiz Oranları Oksijen Hesap'ta | url=https://www.odeabank.com.tr/kampanyalar/oksijen-hesap-paraniza-deger-veren-hesap-23135 | reason=title_length,positive_keyword,detail_path
- score=8 | title=Arkadaşını Davet Et, 37.500 TL Nakit Ödül Kazanma Şansını Yakala! | url=https://www.odeabank.com.tr/kampanyalar/yakinini-odeaya-davet-et-kampanyasi-26791 | reason=title_length,positive_keyword,detail_path
- score=8 | title=Turkiyenin Finansal Okuryazarlik Ve Davranis Haritasi | url=https://www.odeabank.com.tr/hakkimizda/basin-bultenleri/turkiyenin-finansal-okuryazarlik-ve-davranis-haritasi | reason=title_length,positive_keyword,detail_path
- score=8 | title=Odeabank Yatirim Odakli Podcastin 4 Sezonu Basliyor | url=https://www.odeabank.com.tr/hakkimizda/basin-bultenleri/odeabank-yatirim-odakli-podcastin-4-sezonu-basliyor | reason=title_length,positive_keyword,detail_path
- score=8 | title=Odeabank Finansal Karbon Muhasebesinde Kuresel Is Birligi Pcafe Imza Atti | url=https://www.odeabank.com.tr/hakkimizda/basin-bultenleri/odeabank-finansal-karbon-muhasebesinde-kuresel-is-birligi-pcafe-imza-atti | reason=title_length,positive_keyword,detail_path
- score=8 | title=Odeabank ve İş Portföy’den Düşük Riskli, Yüksek Performanslı Fon: “IOP” | url=https://www.odeabank.com.tr/hakkimizda/basin-bultenleri/odeabank-ve-is-portfoyden-dusuk-riskli-yuksek-performansli-fon-iop | reason=title_length,positive_keyword,detail_path
- score=8 | title=Odeabank UN Global Compact imzacısı oldu | url=https://www.odeabank.com.tr/hakkimizda/basin-bultenleri/odeabank-un-global-compact-imzacisi-oldu | reason=title_length,positive_keyword,detail_path
- score=8 | title=Odeabank, İstanbul Tiyatro Festivali’nde kadın üretimini 5. yılında da destekliyor | url=https://www.odeabank.com.tr/hakkimizda/basin-bultenleri/odeabank-istanbul-tiyatro-festivalinde-kadin-uretimini-5-yilinda-da-destekliyor | reason=title_length,positive_keyword,detail_path
- score=8 | title=Odeabank’ın “Eşit Masallar” Oyunu Kadıköy’de Minik Seyircilerle Buluşuyor | url=https://www.odeabank.com.tr/hakkimizda/basin-bultenleri/odeabankin-esit-masallar-oyunu-kadikoyde-minik-seyircilerle-bulusuyor | reason=title_length,positive_keyword,detail_path
- score=8 | title=Odeabank ve Yapı Kredi Portföy’den stratejik iş birliği | url=https://www.odeabank.com.tr/hakkimizda/basin-bultenleri/odeabank-ve-yapi-kredi-portfoyden-stratejik-is-birligi | reason=title_length,positive_keyword,detail_path
- score=8 | title=Odeabank yapay zeka ile bankacılıkta yeni bir dönem başlatıyor | url=https://www.odeabank.com.tr/hakkimizda/basin-bultenleri/odeabank-yapay-zeka-ile-bankacilikta-yeni-bir-donem-baslatiyor | reason=title_length,positive_keyword,detail_path
- score=8 | title=Odea Ayrıcalıklar Dünyası ile Türkiye’de ilk kez harcamalar yatırıma dönüşüyor | url=https://www.odeabank.com.tr/hakkimizda/basin-bultenleri/odea-ayricaliklar-dunyasi-ile-turkiyede-ilk-kez-harcamalar-yatirima-donusuyor | reason=title_length,positive_keyword,detail_path
- score=8 | title=Odeabank, İstanbul Fintech Week’25’te fijital bankacılık yatırımlarını anlattı | url=https://www.odeabank.com.tr/hakkimizda/basin-bultenleri/odeabank-istanbul-fintech-week25te-fijital-bankacilik-yatirimlarini-anlatti | reason=title_length,positive_keyword,detail_path
- score=8 | title=Odeabank’ın Yeni Programı “Yatırım Odaklı Gündem” Odea Radyo’da Başlıyor | url=https://www.odeabank.com.tr/hakkimizda/basin-bultenleri/odeabankin-yeni-programi-yatirim-odakli-gundem-odea-radyoda-basliyor | reason=title_length,positive_keyword,detail_path
- score=8 | title=Odeabank Planlı Çalışma | url=https://www.odeabank.com.tr/hakkimizda/basin-bultenleri/odeabank-planli-calisma | reason=title_length,positive_keyword,detail_path
- score=8 | title=Odeabank’ın ticari bankacılık projesine Qorus’tan 1’incilik ödülü | url=https://www.odeabank.com.tr/hakkimizda/basin-bultenleri/odeabankin-ticari-bankacilik-projesine-qorustan-1incilik-odulu | reason=title_length,positive_keyword,detail_path
- score=8 | title=Odeabank’ın Eşit Masallar tiyatro oyunu 23 Nisan’a özel sahnelenecek | url=https://www.odeabank.com.tr/hakkimizda/basin-bultenleri/odeabankin-esit-masallar-tiyatro-oyunu-23-nisana-ozel-sahnelenecek | reason=title_length,positive_keyword,detail_path
- score=8 | title=Odeabank ve Erişilebilir Her Şey iş birliği ile “Erişilebilirlik Üzerine Sohbetler” Odea Radyo’da başladı! | url=https://www.odeabank.com.tr/hakkimizda/basin-bultenleri/odeabank-ve-erisilebilir-her-sey-is-birligi-ile-erisilebilirlik-uzerine-sohbetler-odea-radyoda-basladi | reason=title_length,positive_keyword,detail_path
- score=8 | title=Odeabank yeni sürdürülebilirlik stratejisini açıkladı | url=https://www.odeabank.com.tr/hakkimizda/basin-bultenleri/odeabank-yeni-surdurulebilirlik-stratejisini-acikladi | reason=title_length,positive_keyword,detail_path
