$ python3 pipeline/extract_recent_items.py --institution Mastercard --source-id REG-200 --start-date 2026-05-01 --debug-candidates --limit 300 --dry-run

STDERR:
2026-06-26 15:21:28,638 INFO Documents considered: 0
2026-06-26 15:21:28,638 INFO Recency cutoff: 2026-05-01
2026-06-26 15:21:28,638 INFO Allow undated: False
2026-06-26 15:21:28,638 INFO Allow low date confidence: False
2026-06-26 15:21:28,638 INFO Allow end-date recency: False
2026-06-26 15:21:28,638 INFO Dry run: 0 items would be written
2026-06-26 15:21:28,638 INFO Total links found: 0
2026-06-26 15:21:28,638 INFO Candidate links found: 0
2026-06-26 15:21:28,638 INFO Detail pages fetched: 0
2026-06-26 15:21:28,638 INFO Recent items created: 0
2026-06-26 15:21:28,638 INFO Saved recent developments: 0
2026-06-26 15:21:28,638 INFO Rejected old items: 0
2026-06-26 15:21:28,638 INFO Rejected undated items: 0
2026-06-26 15:21:28,638 INFO Rejected low-confidence dates: 0
2026-06-26 15:21:28,638 INFO Rejected non-developments: 0
2026-06-26 15:21:28,638 INFO Saved by publication_date: 0
2026-06-26 15:21:28,638 INFO Saved by announcement_date: 0
2026-06-26 15:21:28,638 INFO Saved by campaign_start_date: 0
2026-06-26 15:21:28,638 INFO Rejected because only campaign_end_date existed: 0
2026-06-26 15:21:28,638 INFO passed_by_publication_date_count: 0
2026-06-26 15:21:28,638 INFO passed_by_announcement_date_count: 0
2026-06-26 15:21:28,638 INFO passed_by_campaign_start_date_count: 0
2026-06-26 15:21:28,638 INFO passed_by_end_date_manual_override_count: 0
2026-06-26 15:21:28,638 INFO rejected_only_campaign_end_date_count: 0
2026-06-26 15:21:28,638 INFO Active old campaigns detected: 0
2026-06-26 15:21:28,638 INFO Content role Bağımsız Gelişme: 0
2026-06-26 15:21:28,638 INFO Content role Bağlamsal Veri: 0
2026-06-26 15:21:28,638 INFO Content role Yönetici Bilgilendirme: 0
2026-06-26 15:21:28,638 INFO Content role Kapsam Dışı/Benchmark: 0
2026-06-26 15:21:28,638 INFO Poor items skipped: 0
2026-06-26 15:21:28,639 INFO Duplicates skipped: 0
2026-06-26 15:21:28,639 INFO Errors: 0

$ python3 pipeline/extract_recent_items.py --institution Mastercard --source-id REG-223 --start-date 2026-05-01 --debug-candidates --limit 300 --dry-run

STDERR:
2026-06-26 15:21:28,980 INFO Documents considered: 0
2026-06-26 15:21:28,981 INFO Recency cutoff: 2026-05-01
2026-06-26 15:21:28,981 INFO Allow undated: False
2026-06-26 15:21:28,981 INFO Allow low date confidence: False
2026-06-26 15:21:28,981 INFO Allow end-date recency: False
2026-06-26 15:21:28,981 INFO Dry run: 0 items would be written
2026-06-26 15:21:28,981 INFO Total links found: 0
2026-06-26 15:21:28,981 INFO Candidate links found: 0
2026-06-26 15:21:28,981 INFO Detail pages fetched: 0
2026-06-26 15:21:28,981 INFO Recent items created: 0
2026-06-26 15:21:28,981 INFO Saved recent developments: 0
2026-06-26 15:21:28,981 INFO Rejected old items: 0
2026-06-26 15:21:28,981 INFO Rejected undated items: 0
2026-06-26 15:21:28,981 INFO Rejected low-confidence dates: 0
2026-06-26 15:21:28,981 INFO Rejected non-developments: 0
2026-06-26 15:21:28,981 INFO Saved by publication_date: 0
2026-06-26 15:21:28,981 INFO Saved by announcement_date: 0
2026-06-26 15:21:28,981 INFO Saved by campaign_start_date: 0
2026-06-26 15:21:28,981 INFO Rejected because only campaign_end_date existed: 0
2026-06-26 15:21:28,981 INFO passed_by_publication_date_count: 0
2026-06-26 15:21:28,981 INFO passed_by_announcement_date_count: 0
2026-06-26 15:21:28,981 INFO passed_by_campaign_start_date_count: 0
2026-06-26 15:21:28,981 INFO passed_by_end_date_manual_override_count: 0
2026-06-26 15:21:28,981 INFO rejected_only_campaign_end_date_count: 0
2026-06-26 15:21:28,981 INFO Active old campaigns detected: 0
2026-06-26 15:21:28,981 INFO Content role Bağımsız Gelişme: 0
2026-06-26 15:21:28,981 INFO Content role Bağlamsal Veri: 0
2026-06-26 15:21:28,981 INFO Content role Yönetici Bilgilendirme: 0
2026-06-26 15:21:28,981 INFO Content role Kapsam Dışı/Benchmark: 0
2026-06-26 15:21:28,981 INFO Poor items skipped: 0
2026-06-26 15:21:28,981 INFO Duplicates skipped: 0
2026-06-26 15:21:28,981 INFO Errors: 0
